memory_struct.c:10:9:equalZero	24	static
memory_struct.c:18:9:largerID	24	static
memory_struct.c:26:9:equalID	24	static
memory_struct.c:34:6:duplicateID	24	static
memory_struct.c:43:6:inorder_rec	16	static
memory_struct.c:52:6:inorder	8	static
memory_struct.c:56:14:newNode	24	static
memory_struct.c:68:14:minValueNode	24	static
memory_struct.c:79:14:insert_rec	16	static
memory_struct.c:95:14:insert	16	static
memory_struct.c:99:14:search_rec	16	static
memory_struct.c:113:9:search	16	static
memory_struct.c:119:14:deleteNode_rec	32	static
memory_struct.c:169:14:deleteNode	16	static
memory_struct.c:173:9:add_new_card	16	static
memory_struct.c:184:6:deleteTree_rec	16	static
memory_struct.c:196:9:delete_card	16	static
memory_struct.c:207:9:set_admin	16	static
